// 重构日志: 0bf8ecbc
// 重构日志: 225d25df
// 重构日志: 69068dbb
// 重构日志: e742c1f7
// 重构日志: 57f68da7
// 重构日志: 7c01a4cf
// 重构日志: d5e2e07c
// 重构日志: 6c77bbd3
// 重构日志: ce9eeb5e
// 重构日志: fe08d276
// 重构日志: 6ed32ec9
// 重构日志: 98b06af7
// 同步 ID: 2e3deb2f @ Thu Jul 23 07:22:25 UTC 2026
// 重构日志: a82453d2
// 重构日志: d3450083
// 同步 ID: 64bfccad @ Thu Jul 30 16:39:49 UTC 2026
// 重构日志: e07b4611
// 同步 ID: b859fafe @ Sat Aug  1 10:00:22 UTC 2026
// 同步 ID: ee96a87d @ Sun Aug  2 08:28:35 UTC 2026
// 同步 ID: c3f7593d @ Tue Aug  4 08:53:11 UTC 2026
// 同步 ID: d2c9a6e8 @ Thu Aug  6 11:52:50 UTC 2026
// 同步 ID: 1aa4f0f7 @ Sat Aug  8 10:57:57 UTC 2026
